
running 7 tests
test parse_storm_warning::tests::test_storm_warning ... ok
test parse_storm_warning::tests::high_wind_warning_german_north_sea_coast ... ok
test parse_storm_warning::tests::test_parse_english ... ok
test utils::tests::test_split_file ... ok
test parse_storm_warning::tests::high_wind_warning_german_baltic_coast ... ok
test utils::tests::test_split_with_storm_warning ... FAILED
test parse_storm_warning::tests::test_parse_german ... ok

failures:

---- utils::tests::test_split_with_storm_warning stdout ----
thread 'utils::tests::test_split_with_storm_warning' panicked at 'assertion failed: `(left == right)`
  left: `[["WODL45 DWHA 030300"], ["STRONG WIND, GALE AND STORM WARNINGS FOR SEA AREAS:", "GERMAN BIGHT, WESTERN AND SOUTHERN BALTIC."], ["GERMAN BIGHT:", "no warning."], ["WESTERN BALTIC:", "no warning."], ["SOUTHERN BALTIC:", "W 7 later."], ["COASTAL AREA WARNINGS:", "STARKWIND-, STURM- UND ORKANWARNUNGEN FUER DEUTSCHE KUESTEN."], ["NR. 436", "Amtliche STARKWIND-Warnung des Seewetterdienstes Hamburg", "fuer die deutsche Nordseekueste", "herausgegeben am Montag, den 02.10.2023 um 23:50 Uhr GZ"], ["Ostfriesische Kueste:"], ["Suedwest 5 bis 6, dabei Boeen von 8 Beaufort, nordwestdrehend,", "strichweise Gewitter.", "Elbmuendung:"], ["Suedwest 5 bis 6, dabei Boeen von 8 Beaufort, nordwestdrehend,", "strichweise Gewitter.", "Seegebiet Helgoland:"], ["Suedwest 5 bis 6, dabei Boeen von 8 Beaufort, nordwestdrehend,", "strichweise Gewitter.", "Nordfriesische Kueste:"], ["Suedwest 5 bis 6, dabei Boeen von 8 Beaufort, nordwestdrehend,", "strichweise Gewitter.", "Elbe von Hamburg bis Cuxhaven:"], ["Boeen von 8 Beaufort aus Suedwest, nordwestdrehend, strichweise", "Gewitter."], ["NR. 406", "Amtliche STARKWIND-Warnung des Seewetterdienstes Hamburg", "fuer die deutsche Ostseekueste", "herausgegeben am Dienstag, den 03.10.2023 um 02:50 Uhr GZ"], ["Flensburg bis Fehmarn:"], ["Suedwest 5 bis 6,  dabei Boeen von 8 Beaufort, strichweise Gewitter.", "oestlich Fehmarn bis Ruegen:"], ["Suedwest 5 bis 6,  dabei Boeen von 8 Beaufort, strichweise Gewitter.", "oestlich Ruegen:"], ["Sued bis Suedwest 5 bis 6,  dabei Boeen von 7 Beaufort."], ["Seewetterdienst Hamburg"]]`,
 right: `[["WODL45 DWHA 030300"], ["STRONG WIND, GALE AND STORM WARNINGS FOR SEA AREAS:", "GERMAN BIGHT, WESTERN AND SOUTHERN BALTIC."], ["GERMAN BIGHT:", "no warning."], ["WESTERN BALTIC:", "no warning."], ["SOUTHERN BALTIC:", "W 7 later."], ["COASTAL AREA WARNINGS:", "STARKWIND-, STURM- UND ORKANWARNUNGEN FUER DEUTSCHE KUESTEN."], ["NR. 436", "Amtliche STARKWIND-Warnung des Seewetterdienstes Hamburg", "fuer die deutsche Nordseekueste", "herausgegeben am Montag, den 02.10.2023 um 23:50 Uhr GZ"], ["Ostfriesische Kueste:", "Suedwest 5 bis 6, dabei Boeen von 8 Beaufort, nordwestdrehend,", "strichweise Gewitter."], ["Elbmuendung:", "Suedwest 5 bis 6, dabei Boeen von 8 Beaufort, nordwestdrehend,", "strichweise Gewitter."], ["Seegebiet Helgoland:", "Suedwest 5 bis 6, dabei Boeen von 8 Beaufort, nordwestdrehend,", "strichweise Gewitter."], ["Nordfriesische Kueste:", "Suedwest 5 bis 6, dabei Boeen von 8 Beaufort, nordwestdrehend,", "strichweise Gewitter."], ["Elbe von Hamburg bis Cuxhaven:", "Boeen von 8 Beaufort aus Suedwest, nordwestdrehend, strichweise", "Gewitter."], ["NR. 406", "Amtliche STARKWIND-Warnung des Seewetterdienstes Hamburg", "fuer die deutsche Ostseekueste", "herausgegeben am Dienstag, den 03.10.2023 um 02:50 Uhr GZ"], ["Flensburg bis Fehmarn:", "Suedwest 5 bis 6,  dabei Boeen von 8 Beaufort, strichweise Gewitter."], ["oestlich Fehmarn bis Ruegen:", "Suedwest 5 bis 6,  dabei Boeen von 8 Beaufort, strichweise Gewitter."], ["oestlich Ruegen:", "Sued bis Suedwest 5 bis 6,  dabei Boeen von 7 Beaufort."], ["Seewetterdienst Hamburg"]]`', src/utils.rs:247:9
note: run with `RUST_BACKTRACE=1` environment variable to display a backtrace


failures:
    utils::tests::test_split_with_storm_warning

test result: FAILED. 6 passed; 1 failed; 0 ignored; 0 measured; 0 filtered out; finished in 0.03s

